10.0000x^4-49.0000x^3+25.0000x^2-38.0000x+82.0000
0.0000
1.0000
-86.0000x^4+27.0000x^3-98.0000x^2+83.0000x-96.0000
4.0000x^2
1.0000x^4+4.0000x^3+6.0000x^2+4.0000x+1.0000
10.0000x^4-49.0000x^3+25.0000x^2-38.0000x+82.0000
0.0000
-86.0000x^4+27.0000x^3-98.0000x^2+83.0000x-96.0000
10.0000x^4-49.0000x^3+25.0000x^2-38.0000x+82.0000
10.0000x^4-49.0000x^3+25.0000x^2-38.0000x+83.0000
0.0000
1.0000
-76.0000x^4-22.0000x^3-73.0000x^2+45.0000x-14.0000
0.0000
96.0000x^4-76.0000x^3+123.0000x^2-121.0000x+178.0000
0.0000
-1.0000
0.0000
-860.0000x^8+4484.0000x^7-4453.0000x^6+9575.0000x^5-15555.0000x^4+12717.0000x^3-13590.0000x^2+10454.0000x-7872.0000
0.0000
0.0000
-86.0000x^4+27.0000x^3-98.0000x^2+83.0000x-96.0000
82.0000
1.0000
0.0000
-1482.0000
16.0000
1.0000
0.0000
NULL
NULL
NULL
0.0000
0.0000
40.0000x^3-147.0000x^2+50.0000x-38.0000
0.0000
0.0000
-17.2000x^5+6.7500x^4-32.6667x^3+41.5000x^2-96.0000x
0.0000
1.0000x
17116.9167
0.0000
20.0000
100.5000
1.0000
1.0000x
1.0000x^4-4.9000x^3+2.5000x^2-3.8000x+8.2000
1.0000x^8-5.2140x^7+5.1779x^6-11.1337x^5+18.0872x^4-14.7872x^3+15.8023x^2-12.1558x+9.1535
1.0000x^4-4.9000x^3+2.5000x^2-3.8000x+8.2000
1.0000
1.0000x^2
1.0000
-8.6000
4.0000x
10.0000x^4-49.0000x^3+25.0000x^2-38.0000x+82.0000
0.0000
1.2500x^99997
-394.4000x^3+117.0000x^2-243.8000x+609.2000
0.0000
1.0000
83.0000x-96.0000
100.0000x^8-980.0000x^7+2901.0000x^6-3210.0000x^5+5989.0000x^4-9936.0000x^3+5544.0000x^2-6232.0000x+6724.0000
0.0000
1.0000
64.0000x^6
-86.0000x^4+27.0000x^3-98.0000x^2+83.0000x-96.0000
