49,58,67,76,50,55,18,68,23,99,30,65,100,40,95,26,63,54,7,15,42,90,28,72,35,11,24,29,43,8,78,14,88,81,33,70,66,31,37,60,47,25,17,87,83,56,10,97,73,57,38,12,48,51,77,19,21,52,2,84,69,91,1,80,71,53,41,92,75,64,89,98,3,46,79,96,62,34,85,27,22,44,39,9,45,94,86,36,5,59,61,93,16,13,20,32,4,82,6,74
49,58,67,74,76,50,55,18,68,23,32,99,4,30,39,82,6,65,9,100,45,40,95,94,5,26,87,86,59,16,63,54,83,44,36,61,93,13,20,7,42,56,15,90,10,28,43,97,79,72,8,73,75,96,85,35,78,14,57,21,64,89,62,34,27,22,11,88,66,38,52,98,24,29,81,31,47,12,48,2,71,3,46,33,37,25,51,84,91,53,70,60,17,77,19,69,1,80,41,92
22
11
24