10,9,2,5,3,8,4,6,7,1
10,9,2,6,5,4,7,1,3,8
4
4
5